[INFO] Scanning for projects...
[INFO] 
[INFO] ----------------------< com.ticket:auth-service >-----------------------
[INFO] Building auth-service 0.0.1-SNAPSHOT
[INFO]   from pom.xml
[INFO] --------------------------------[ jar ]---------------------------------
[INFO] 
[INFO] --- clean:3.2.0:clean (default-clean) @ auth-service ---
[INFO] Deleting C:\JEA\Ticketing\ticket-services-1\auth-service\target
[INFO] 
[INFO] --- resources:3.2.0:resources (default-resources) @ auth-service ---
[INFO] Using 'UTF-8' encoding to copy filtered resources.
[INFO] Using 'UTF-8' encoding to copy filtered properties files.
[INFO] Copying 1 resource
[INFO] Copying 0 resource
[INFO] 
[INFO] --- compiler:3.10.1:compile (default-compile) @ auth-service ---
[INFO] Changes detected - recompiling the module!
[INFO] Compiling 14 source files to C:\JEA\Ticketing\ticket-services-1\auth-service\target\classes
[INFO] 
[INFO] --- resources:3.2.0:testResources (default-testResources) @ auth-service ---
[INFO] Using 'UTF-8' encoding to copy filtered resources.
[INFO] Using 'UTF-8' encoding to copy filtered properties files.
[INFO] skip non existing resourceDirectory C:\JEA\Ticketing\ticket-services-1\auth-service\src\test\resources
[INFO] 
[INFO] --- compiler:3.10.1:testCompile (default-testCompile) @ auth-service ---
[INFO] No sources to compile
[INFO] 
[INFO] --- surefire:2.22.2:test (default-test) @ auth-service ---
[INFO] Tests are skipped.
[INFO] 
[INFO] --- jar:3.2.2:jar (default-jar) @ auth-service ---
[INFO] Building jar: C:\JEA\Ticketing\ticket-services-1\auth-service\target\auth-service-0.0.1-SNAPSHOT.jar
[INFO] 
[INFO] --- spring-boot:2.7.18:repackage (repackage) @ auth-service ---
[INFO] ------------------------------------------------------------------------
[INFO] BUILD FAILURE
[INFO] ------------------------------------------------------------------------
[INFO] Total time:  6.023 s
[INFO] Finished at: 2026-01-12T14:02:43+05:30
[INFO] ------------------------------------------------------------------------
[ERROR] Failed to execute goal org.springframework.boot:spring-boot-maven-plugin:2.7.18:repackage (repackage) on project auth-service: Execution repackage of goal org.springframework.boot:spring-boot-maven-plugin:2.7.18:repackage failed: Unable to rename 'C:\JEA\Ticketing\ticket-services-1\auth-service\target\auth-service-0.0.1-SNAPSHOT.jar' to 'C:\JEA\Ticketing\ticket-services-1\auth-service\target\auth-service-0.0.1-SNAPSHOT.jar.original' -> [Help 1]
[ERROR] 
[ERROR] To see the full stack trace of the errors, re-run Maven with the -e switch.
[ERROR] Re-run Maven using the -X switch to enable full debug logging.
[ERROR] 
[ERROR] For more information about the errors and possible solutions, please read the following articles:
[ERROR] [Help 1] http://cwiki.apache.org/confluence/display/MAVEN/PluginExecutionException
